// Jest Snapshot v1, https://goo.gl/fbAQLP

exports[`matches snapshot 1`] = `
<DocumentFragment>
  <form>
    <label
      for="color"
    >
      Color:
    </label>
    <input
      id="color"
      name="color"
      type="color"
      value="#000000"
    />
    <label
      for="width"
    >
      Width:
    </label>
    <input
      id="width"
      name="width"
      type="number"
      value=""
    />
    <label
      for="height"
    >
      Height:
    </label>
    <input
      id="height"
      name="height"
      type="number"
      value=""
    />
    <button
      data-testid="submit-btn"
    >
      Add
    </button>
  </form>
</DocumentFragment>
`;
